MAP
  NAME "LGN6"
  EXTENT -40000 300000 300000 650000
  UNITS METERS
  SHAPEPATH "./"
  SIZE 800 600
  IMAGETYPE "PNG24"
  PROJECTION
      "init=epsg:28992"
  END # PROJECTION
  WEB
      METADATA
        "ows_title" "LGN web-service" 
        "ows_enable_request" "*" 
        "ows_srs" "EPSG:4326 EPSG:28992 EPSG:3857"
        "ows_getfeatureinfo_formatlist" "text/plain,text/html,application/json,geojson,application/vnd.ogc.gml,gml"
        "wms_feature_info_mime_type" "text/plain,text/html"
      END # METADATA
  END # WEB
  LAYER
      TEMPLATE "getfeatureinfo_template.tmpl"
      NAME "LGN6"
      DATA "LGN6.tif"
      TYPE RASTER
      STATUS ON
      CLASS
          NAME "1 - agrarisch gras"
          EXPRESSION "1"
          STYLE
              COLOR "#73df1f"
			  OPACITY 100
          END # STYLE
      END # CLASS
      CLASS
          NAME "2 - maïs"
          EXPRESSION "2"
          STYLE
              COLOR "#e89919"
			  OPACITY 100
          END # STYLE
      END # CLASS
      CLASS
          NAME "3 - aardappelen"
          EXPRESSION "3"
          STYLE
              COLOR "#b26600"
			  OPACITY 100
          END # STYLE
      END # CLASS
      CLASS
          NAME "4 - bieten"
          EXPRESSION "4"
          STYLE
              COLOR "#e51f7f"
			  OPACITY 100
          END # STYLE
      END # CLASS
      CLASS
          NAME "5 - granen"
          EXPRESSION "5"
          STYLE
              COLOR "#ffff00"
			  OPACITY 100
          END # STYLE
      END # CLASS
      CLASS
          NAME "6 - overige landbouwgewassen"
          EXPRESSION "6"
          STYLE
              COLOR "#ff00c5"
			  OPACITY 100
          END # STYLE
      END # CLASS
      CLASS
          NAME "8 - glastuinbouw"
          EXPRESSION "8"
          STYLE
              COLOR "#46ffcf"
			  OPACITY 100
          END # STYLE
      END # CLASS
      CLASS
          NAME "9 - boomgaarden"
          EXPRESSION "9"
          STYLE
              COLOR "#3cef45"
			  OPACITY 100
          END # STYLE
      END # CLASS
      CLASS
          NAME "10 - bloembollen"
          EXPRESSION "10"
          STYLE
              COLOR "#ac81a8"
			  OPACITY 100
          END # STYLE
      END # CLASS
      CLASS
          NAME "11 - loofbos"
          EXPRESSION "11"
          STYLE
              COLOR "#33c800"
			  OPACITY 100
          END # STYLE
      END # CLASS
      CLASS
          NAME "12 - naaldbos"
          EXPRESSION "12"
          STYLE
              COLOR "#009900"
			  OPACITY 100
          END # STYLE
      END # CLASS
      CLASS
          NAME "16 - zoet water"
          EXPRESSION "16"
          STYLE
              COLOR "#2473ff"
			  OPACITY 100
          END # STYLE
      END # CLASS
      CLASS
          NAME "17 - zout water"
          EXPRESSION "17"
          STYLE
              COLOR "#000099"
			  OPACITY 100
          END # STYLE
      END # CLASS
      CLASS
          NAME "18 - bebouwing in primair bebouwd gebied"
          EXPRESSION "18"
          STYLE
              COLOR "#ff0000"
			  OPACITY 100
          END # STYLE
      END # CLASS
      CLASS
          NAME "19 - bebouwing in secundair bebouwd gebied"
          EXPRESSION "19"
          STYLE
              COLOR "#730000"
			  OPACITY 100
          END # STYLE
      END # CLASS
      CLASS
          NAME "20 - bos in primair bebouwd gebied"
          EXPRESSION "20"
          STYLE
              COLOR "#93d600"
			  OPACITY 100
          END # STYLE
      END # CLASS
      CLASS
          NAME "22 - bos in secundair bebouwd gebied"
          EXPRESSION "22"
          STYLE
              COLOR "#93aa00"
			  OPACITY 100
          END # STYLE
      END # CLASS
      CLASS
          NAME "23 - gras in primair bebouwd gebied"
          EXPRESSION "23"
          STYLE
              COLOR "#93ff00"
			  OPACITY 100
          END # STYLE
      END # CLASS
      CLASS
          NAME "24 - kale grond in bebouwd gebied"
          EXPRESSION "24"
          STYLE
              COLOR "#ffff66"
			  OPACITY 100
          END # STYLE
      END # CLASS
      CLASS
          NAME "25 - hoofdwegen en spoorwegen"
          EXPRESSION "25"
          STYLE
              COLOR "#cc2a2a"
			  OPACITY 100
          END # STYLE
      END # CLASS
      CLASS
          NAME "26 - bebouwing in buitengebied"
          EXPRESSION "26"
          STYLE
              COLOR "#761818"
			  OPACITY 100
          END # STYLE
      END # CLASS
      CLASS
          NAME "28 - gras in secundair bebouwd gebied"
          EXPRESSION "28"
          STYLE
              COLOR "#a8ef44"
			  OPACITY 100
          END # STYLE
      END # CLASS
      CLASS
          NAME "30 - kwelders"
          EXPRESSION "30"
          STYLE
              COLOR "#b03060"
			  OPACITY 100
          END # STYLE
      END # CLASS
      CLASS
          NAME "31 - open zand in kustgebied"
          EXPRESSION "31"
          STYLE
              COLOR "#e6fb00"
			  OPACITY 100
          END # STYLE
      END # CLASS
      CLASS
          NAME "32 - duinen met een lage vegetatie"
          EXPRESSION "32"
          STYLE
              COLOR "#89d42b"
			  OPACITY 100
          END # STYLE
      END # CLASS
      CLASS
          NAME "33 - duinen met een hoge vegetatie"
          EXPRESSION "33"
          STYLE
              COLOR "#5aba40"
			  OPACITY 100
          END # STYLE
      END # CLASS
      CLASS
          NAME "34 - duinheide"
          EXPRESSION "34"
          STYLE
              COLOR "#750075"
			  OPACITY 100
          END # STYLE
      END # CLASS
      CLASS
          NAME "35 - open stuifzand en/of rivierzand"
          EXPRESSION "35"
          STYLE
              COLOR "#ffff00"
			  OPACITY 100
          END # STYLE
      END # CLASS
      CLASS
          NAME "36 - heide"
          EXPRESSION "36"
          STYLE
              COLOR "#750075"
			  OPACITY 100
          END # STYLE
      END # CLASS
      CLASS
          NAME "37 - matig vergraste heide"
          EXPRESSION "37"
          STYLE
              COLOR "#a42353"
			  OPACITY 100
          END # STYLE
      END # CLASS
      CLASS
          NAME "38 - sterk vergraste heide"
          EXPRESSION "38"
          STYLE
              COLOR "#ad8b06"
			  OPACITY 100
          END # STYLE
      END # CLASS
      CLASS
          NAME "39 - hoogveen"
          EXPRESSION "39"
          STYLE
              COLOR "#249996"
			  OPACITY 100
          END # STYLE
      END # CLASS
      CLASS
          NAME "40 - bos in hoogveengebied"
          EXPRESSION "40"
          STYLE
              COLOR "#065a4c"
			  OPACITY 100
          END # STYLE
      END # CLASS
      CLASS
          NAME "41 - overige moeras vegetatie"
          EXPRESSION "41"
          STYLE
              COLOR "#ffc0cb"
			  OPACITY 100
          END # STYLE
      END # CLASS
      CLASS
          NAME "42 - rietvegetatie"
          EXPRESSION "42"
          STYLE
              COLOR "#ffa500"
			  OPACITY 100
          END # STYLE
      END # CLASS
      CLASS
          NAME "43 - bos in moerasgebied"
          EXPRESSION "43"
          STYLE
              COLOR "#006400"
			  OPACITY 100
          END # STYLE
      END # CLASS
      CLASS
          NAME "45 - natuurgraslanden"
          EXPRESSION "45"
          STYLE
              COLOR "#b6b639"
			  OPACITY 100
          END # STYLE
      END # CLASS
      CLASS
          NAME "61 - boomkwekerijen"
          EXPRESSION "61"
          STYLE
              COLOR "#ffb3a8"
			  OPACITY 100
          END # STYLE
      END # CLASS
      CLASS
          NAME "62 - fruitkwekerijen"
          EXPRESSION "62"
          STYLE
              COLOR "#e3ff70"
			  OPACITY 100
          END # STYLE
      END # CLASS
  END # LAYER
END # MAP