MAP
    NAME "philippines_random_points"
    STATUS ON
    EXTENT 116.258955 1.166260 127.106359 24.647697
    UNITS DD
    SHAPEPATH "/home/carva014/Work/Code/FAO/GloSIS/glosis-wm"
    CONFIG "MS_ERRORFILE" "/home/carva014/Work/Code/FAO/GloSIS/glosis-wm/ms_error.txt"
    DEBUG 5
    FONTSET "/etc/mapserver/fonts.txt"
    SYMBOLSET "/etc/mapserver/symbols.txt"

    WEB
        METADATA
            "wms_title" "Philippines Random Points"
            "wms_srs" "EPSG:4326"
            "wms_enable_request" "*"
            "wms_feature_info_mime_type" "text/html"
        END
    END

    LAYER
        NAME "philippines_random_points"
        TYPE POINT
        STATUS ON
        CONNECTIONTYPE postgis
        CONNECTION "host=localhost port=5442 dbname=glosis user=glosis password=glosis"
        DATA "geom FROM core.philippines_random_points USING UNIQUE id"
        METADATA
            "wms_title" "Philippines Random Points"
            "wms_srs" "EPSG:4326"
            "gml_include_items" "all"
            "wms_feature_info_mime_type" "text/html"
        END
        CLASS
            NAME "Random Points"
            STYLE
                SYMBOL "circle"
                COLOR 255 0 0
                SIZE 8
                OUTLINECOLOR 0 0 0
            END
        END
    END
END 